$ mkdir git-hub
$ cd git-hub/

$ tig
tig: Not a git repository

$ git config --list 
user.name=Xiangli Liao
user.email=liaoxl2012@gmail.com
core.editor=vim

$ vim record.txt

$ git init 
Initialized empty Git repository in /home/moondark/rubydev/git-hub/.git/

$ git status
# On branch master
#
# Initial commit
#
# Untracked files:
#   (use "git add <file>..." to include in what will be committed)
#
#	record.txt
nothing added to commit but untracked files present (use "git add" to track)

$ git add .
$ git status
# On branch master
#
# Initial commit
#
# Changes to be committed:
#   (use "git rm --cached <file>..." to unstage)
#
#	new file:   record.txt
#

$ tig
tig: No revisions match the given arguments.

$ git commit -m 'First Comment'
[master (root-commit) 11a8c45] First Comment
1 file changed, 28 insertions(+)
create mode 100644 record.txt


$ tig
2013-05-16 19:32 Xiangli Liao       I [master] First Comment


$ git status
# On branch master
# Changes not staged for commit:
#   (use "git add <file>..." to update what will be committed)
#   (use "git checkout -- <file>..." to discard changes in working directory)
#
#	modified:   record.txt
#
no changes added to commit (use "git add" and/or "git commit -a")

$ git commit -m 'Try second commit'
# On branch master
# Changes not staged for commit:
#   (use "git add <file>..." to update what will be committed)
#   (use "git checkout -- <file>..." to discard changes in working directory)
#
#	modified:   record.txt
#
no changes added to commit (use "git add" and/or "git commit -a")

$ git commit -a -m 'Try second commit'
[master bf899f5] Try second commit
 1 file changed, 34 insertions(+)

$ tig
2013-05-16 19:37 Xiangli Liao       o [master] Try second commit
2013-05-16 19:32 Xiangli Liao       I First Comment

$ git status
# On branch master
nothing to commit (working directory clean)


$ touch morefile
$ git status
# On branch master
# Untracked files:
#   (use "git add <file>..." to include in what will be committed)
#
#	morefile
nothing added to commit but untracked files present (use "git add" to track)

$ git add morefile
$ git status 
# On branch master
# Changes to be committed:
#   (use "git reset HEAD <file>..." to unstage)
#
#	new file:   morefile
#


$ git commit -a -m 'Test commit -a for new file'
[master 88a80ad] Test commit -a for new file
 0 files changed
create mode 100644 morefile

$ git commit -m 'new file'
# On branch master
nothing to commit (working directory clean)


$ git push origin master 
Username for 'https://github.com': liaoxl
Password for 'https://liaoxl@github.com': 
Counting objects: 12, done.
Delta compression using up to 2 threads.
Compressing objects: 100% (9/9), done.
Writing objects: 100% (12/12), 1.65 KiB, done.
Total 12 (delta 2), reused 0 (delta 0)
To https://github.com/liaoxl/Git-Learning.git
 * [new branch]      master -> master


$ git push origin master 
Username for 'https://github.com': liaoxl
Password for 'https://liaoxl@github.com': 
To https://github.com/liaoxl/Git-Learning.git
 ! [rejected]        master -> master (non-fast-forward)
error: failed to push some refs to 'https://github.com/liaoxl/Git-Learning.git'
hint: Updates were rejected because the tip of your current branch is behind
hint: its remote counterpart. Merge the remote changes (e.g. 'git pull')
hint: before pushing again.
hint: See the 'Note about fast-forwards' in 'git push --help' for details.

$ git pull https://github.com/liaoxl/Git-Learning.git
remote: Counting objects: 4, done.
remote: Compressing objects: 100% (3/3), done.
remote: Total 3 (delta 0), reused 0 (delta 0)
Unpacking objects: 100% (3/3), done.
From https://github.com/liaoxl/Git-Learning
 * branch            HEAD       -> FETCH_HEAD
Updating fd38d27..6a01674
Fast-forward
 README.md | 4 ++++
 1 file changed, 4 insertions(+)
 create mode 100644 README.md

$ git pull https://github.com/liaoxl/Git-Learning.git
remote: Counting objects: 5, done.
remote: Compressing objects: 100% (2/2), done.
remote: Total 3 (delta 0), reused 0 (delta 0)
Unpacking objects: 100% (3/3), done.
From https://github.com/liaoxl/Git-Learning
 * branch            HEAD       -> FETCH_HEAD
Updating 6a01674..e2982ad
Fast-forward
 morefile | 1 +
 1 file changed, 1 insertion(+)

$ git pull https://github.com/liaoxl/Git-Learning.git
From https://github.com/liaoxl/Git-Learning
 * branch            HEAD       -> FETCH_HEAD
Already up-to-date.

$ git pull https://github.com/liaoxl/Git-Learning.git
remote: Counting objects: 5, done.
remote: Compressing objects: 100% (2/2), done.
remote: Total 3 (delta 0), reused 0 (delta 0)
Unpacking objects: 100% (3/3), done.
From https://github.com/liaoxl/Git-Learning
 * branch            HEAD       -> FETCH_HEAD
Updating e2982ad..0ba70dc
error: Your local changes to the following files would be overwritten by merge:
	morefile
Please, commit your changes or stash them before you can merge.
Aborting

$ git status 
# On branch master
# Changes not staged for commit:
#   (use "git add <file>..." to update what will be committed)
#   (use "git checkout -- <file>..." to discard changes in working directory)
#
#	modified:   morefile
#
no changes added to commit (use "git add" and/or "git commit -a")

$ git commit -a -m 'Changes on local'
[master 78c9b6f] Changes on local
 1 file changed, 3 insertions(+), 1 deletion(-)

$ git pull https://github.com/liaoxl/Git-Learning.git
From https://github.com/liaoxl/Git-Learning
 * branch            HEAD       -> FETCH_HEAD
Auto-merging morefile
CONFLICT (content): Merge conflict in morefile
Automatic merge failed; fix conflicts and then commit the result.

<<<<<<< HEAD
Do and on.

Do some changes to here.
=======
Do some changes.
More changes.
>>>>>>> 0ba70dcf4bcbdf0a18f08e42f79a9737deb347b6

Do some changes.
More changes.
Do and on.

Do some changes to here.

$ git commit -a -m 'some changes on morefile'
[master 698f4a0] some changes on morefile


$ git push origin
Username for 'https://github.com': liaoxl
Password for 'https://liaoxl@github.com': 
Counting objects: 12, done.
Delta compression using up to 2 threads.
Compressing objects: 100% (6/6), done.
Writing objects: 100% (7/7), 2.24 KiB, done.
Total 7 (delta 0), reused 0 (delta 0)
To https://github.com/liaoxl/Git-Learning.git
   0ba70dc..698f4a0  master -> master


Do some changes.
More.
Do and on.

Do some changes to here.

$ git push origin
Username for 'https://github.com': liaoxl
Password for 'https://liaoxl@github.com': 
Counting objects: 7, done.
Delta compression using up to 2 threads.
Compressing objects: 100% (4/4), done.
Writing objects: 100% (4/4), 576 bytes, done.
Total 4 (delta 1), reused 0 (delta 0)
To https://github.com/liaoxl/Git-Learning.git
   698f4a0..2f5fd3c  master -> master


2013-05-16 22:57 Xiangli Liao       o [master] [origin/master] do changes on mo~
2013-05-16 22:50 Xiangli Liao       M─┐ some changes on morefile
2013-05-16 22:34 Xiangli Liao       │ o More changes
2013-05-16 22:36 Xiangli Liao       o │ Changes on local
2013-05-16 22:32 Xiangli Liao       o─┘ Update morefile
2013-05-16 21:38 Xiangli Liao       o Create README.md
2013-05-16 20:32 Xiangli Liao       o some changes
2013-05-16 19:53 Xiangli Liao       o Test commit -a for new file
2013-05-16 19:37 Xiangli Liao       o Try second commit
2013-05-16 19:32 Xiangli Liao       I First Comment




